running egg_info
writing ../../build/vln_nav2_bridge/vln_nav2_bridge.egg-info/PKG-INFO
writing dependency_links to ../../build/vln_nav2_bridge/vln_nav2_bridge.egg-info/dependency_links.txt
writing entry points to ../../build/vln_nav2_bridge/vln_nav2_bridge.egg-info/entry_points.txt
writing requirements to ../../build/vln_nav2_bridge/vln_nav2_bridge.egg-info/requires.txt
writing top-level names to ../../build/vln_nav2_bridge/vln_nav2_bridge.egg-info/top_level.txt
reading manifest file '../../build/vln_nav2_bridge/vln_nav2_bridge.egg-info/SOURCES.txt'
writing manifest file '../../build/vln_nav2_bridge/vln_nav2_bridge.egg-info/SOURCES.txt'
running build
running build_py
copying vln_nav2_bridge/qwen_model_wrapper.py -> /home/bluepoisons/Desktop/FURP/VLN/ZhiruiSHEN-VLN/build/vln_nav2_bridge/build/lib/vln_nav2_bridge
copying vln_nav2_bridge/vln_node_local.py -> /home/bluepoisons/Desktop/FURP/VLN/ZhiruiSHEN-VLN/build/vln_nav2_bridge/build/lib/vln_nav2_bridge
running install
running install_lib
copying /home/bluepoisons/Desktop/FURP/VLN/ZhiruiSHEN-VLN/build/vln_nav2_bridge/build/lib/vln_nav2_bridge/qwen_model_wrapper.py -> /home/bluepoisons/Desktop/FURP/VLN/ZhiruiSHEN-VLN/install/vln_nav2_bridge/lib/python3.10/site-packages/vln_nav2_bridge
copying /home/bluepoisons/Desktop/FURP/VLN/ZhiruiSHEN-VLN/build/vln_nav2_bridge/build/lib/vln_nav2_bridge/vln_node_local.py -> /home/bluepoisons/Desktop/FURP/VLN/ZhiruiSHEN-VLN/install/vln_nav2_bridge/lib/python3.10/site-packages/vln_nav2_bridge
byte-compiling /home/bluepoisons/Desktop/FURP/VLN/ZhiruiSHEN-VLN/install/vln_nav2_bridge/lib/python3.10/site-packages/vln_nav2_bridge/qwen_model_wrapper.py to qwen_model_wrapper.cpython-310.pyc
byte-compiling /home/bluepoisons/Desktop/FURP/VLN/ZhiruiSHEN-VLN/install/vln_nav2_bridge/lib/python3.10/site-packages/vln_nav2_bridge/vln_node_local.py to vln_node_local.cpython-310.pyc
running install_data
copying launch/vln_nav2_bridge_local.launch.py -> /home/bluepoisons/Desktop/FURP/VLN/ZhiruiSHEN-VLN/install/vln_nav2_bridge/share/vln_nav2_bridge/launch
running install_egg_info
removing '/home/bluepoisons/Desktop/FURP/VLN/ZhiruiSHEN-VLN/install/vln_nav2_bridge/lib/python3.10/site-packages/vln_nav2_bridge-0.1.0-py3.10.egg-info' (and everything under it)
Copying ../../build/vln_nav2_bridge/vln_nav2_bridge.egg-info to /home/bluepoisons/Desktop/FURP/VLN/ZhiruiSHEN-VLN/install/vln_nav2_bridge/lib/python3.10/site-packages/vln_nav2_bridge-0.1.0-py3.10.egg-info
running install_scripts
Installing vln_node_local script to /home/bluepoisons/Desktop/FURP/VLN/ZhiruiSHEN-VLN/install/vln_nav2_bridge/lib/vln_nav2_bridge
writing list of installed files to '/home/bluepoisons/Desktop/FURP/VLN/ZhiruiSHEN-VLN/build/vln_nav2_bridge/install.log'
