[0.590s] Invoking command in '/home/bluepoisons/Desktop/FURP/VLN/ZhiruiSHEN-VLN/src/vln_nav2_bridge': CONDA_PROMPT_MODIFIER=(base) PYTHONPATH=/home/bluepoisons/Desktop/FURP/VLN/ZhiruiSHEN-VLN/build/vln_nav2_bridge/prefix_override:/usr/lib/python3/dist-packages/colcon_core/task/python/colcon_distutils_commands:/home/bluepoisons/Desktop/FURP/VLN/ZhiruiSHEN-VLN/install/vln_nav2_bridge/lib/python3.10/site-packages:${PYTHONPATH} /usr/bin/python3 -W ignore:setup.py install is deprecated -W ignore:easy_install command is deprecated setup.py egg_info --egg-base ../../build/vln_nav2_bridge build --build-base /home/bluepoisons/Desktop/FURP/VLN/ZhiruiSHEN-VLN/build/vln_nav2_bridge/build install --record /home/bluepoisons/Desktop/FURP/VLN/ZhiruiSHEN-VLN/build/vln_nav2_bridge/install.log --single-version-externally-managed install_data
[0.753s] running egg_info
[0.753s] writing ../../build/vln_nav2_bridge/vln_nav2_bridge.egg-info/PKG-INFO
[0.754s] writing dependency_links to ../../build/vln_nav2_bridge/vln_nav2_bridge.egg-info/dependency_links.txt
[0.754s] writing entry points to ../../build/vln_nav2_bridge/vln_nav2_bridge.egg-info/entry_points.txt
[0.754s] writing requirements to ../../build/vln_nav2_bridge/vln_nav2_bridge.egg-info/requires.txt
[0.754s] writing top-level names to ../../build/vln_nav2_bridge/vln_nav2_bridge.egg-info/top_level.txt
[0.755s] reading manifest file '../../build/vln_nav2_bridge/vln_nav2_bridge.egg-info/SOURCES.txt'
[0.757s] writing manifest file '../../build/vln_nav2_bridge/vln_nav2_bridge.egg-info/SOURCES.txt'
[0.757s] running build
[0.757s] running build_py
[0.757s] copying vln_nav2_bridge/qwen_model_wrapper.py -> /home/bluepoisons/Desktop/FURP/VLN/ZhiruiSHEN-VLN/build/vln_nav2_bridge/build/lib/vln_nav2_bridge
[0.757s] copying vln_nav2_bridge/vln_node_local.py -> /home/bluepoisons/Desktop/FURP/VLN/ZhiruiSHEN-VLN/build/vln_nav2_bridge/build/lib/vln_nav2_bridge
[0.757s] running install
[0.757s] running install_lib
[0.758s] copying /home/bluepoisons/Desktop/FURP/VLN/ZhiruiSHEN-VLN/build/vln_nav2_bridge/build/lib/vln_nav2_bridge/qwen_model_wrapper.py -> /home/bluepoisons/Desktop/FURP/VLN/ZhiruiSHEN-VLN/install/vln_nav2_bridge/lib/python3.10/site-packages/vln_nav2_bridge
[0.758s] copying /home/bluepoisons/Desktop/FURP/VLN/ZhiruiSHEN-VLN/build/vln_nav2_bridge/build/lib/vln_nav2_bridge/vln_node_local.py -> /home/bluepoisons/Desktop/FURP/VLN/ZhiruiSHEN-VLN/install/vln_nav2_bridge/lib/python3.10/site-packages/vln_nav2_bridge
[0.758s] byte-compiling /home/bluepoisons/Desktop/FURP/VLN/ZhiruiSHEN-VLN/install/vln_nav2_bridge/lib/python3.10/site-packages/vln_nav2_bridge/qwen_model_wrapper.py to qwen_model_wrapper.cpython-310.pyc
[0.759s] byte-compiling /home/bluepoisons/Desktop/FURP/VLN/ZhiruiSHEN-VLN/install/vln_nav2_bridge/lib/python3.10/site-packages/vln_nav2_bridge/vln_node_local.py to vln_node_local.cpython-310.pyc
[0.761s] running install_data
[0.761s] copying launch/vln_nav2_bridge_local.launch.py -> /home/bluepoisons/Desktop/FURP/VLN/ZhiruiSHEN-VLN/install/vln_nav2_bridge/share/vln_nav2_bridge/launch
[0.761s] running install_egg_info
[0.763s] removing '/home/bluepoisons/Desktop/FURP/VLN/ZhiruiSHEN-VLN/install/vln_nav2_bridge/lib/python3.10/site-packages/vln_nav2_bridge-0.1.0-py3.10.egg-info' (and everything under it)
[0.763s] Copying ../../build/vln_nav2_bridge/vln_nav2_bridge.egg-info to /home/bluepoisons/Desktop/FURP/VLN/ZhiruiSHEN-VLN/install/vln_nav2_bridge/lib/python3.10/site-packages/vln_nav2_bridge-0.1.0-py3.10.egg-info
[0.764s] running install_scripts
[0.777s] Installing vln_node_local script to /home/bluepoisons/Desktop/FURP/VLN/ZhiruiSHEN-VLN/install/vln_nav2_bridge/lib/vln_nav2_bridge
[0.777s] writing list of installed files to '/home/bluepoisons/Desktop/FURP/VLN/ZhiruiSHEN-VLN/build/vln_nav2_bridge/install.log'
[0.794s] Invoked command in '/home/bluepoisons/Desktop/FURP/VLN/ZhiruiSHEN-VLN/src/vln_nav2_bridge' returned '0': CONDA_PROMPT_MODIFIER=(base) PYTHONPATH=/home/bluepoisons/Desktop/FURP/VLN/ZhiruiSHEN-VLN/build/vln_nav2_bridge/prefix_override:/usr/lib/python3/dist-packages/colcon_core/task/python/colcon_distutils_commands:/home/bluepoisons/Desktop/FURP/VLN/ZhiruiSHEN-VLN/install/vln_nav2_bridge/lib/python3.10/site-packages:${PYTHONPATH} /usr/bin/python3 -W ignore:setup.py install is deprecated -W ignore:easy_install command is deprecated setup.py egg_info --egg-base ../../build/vln_nav2_bridge build --build-base /home/bluepoisons/Desktop/FURP/VLN/ZhiruiSHEN-VLN/build/vln_nav2_bridge/build install --record /home/bluepoisons/Desktop/FURP/VLN/ZhiruiSHEN-VLN/build/vln_nav2_bridge/install.log --single-version-externally-managed install_data
